GENERAL:__init__.py:357:main running with these options:
GENERAL:__init__.py:364:main   check: None
GENERAL:__init__.py:364:main   circular_check: True
GENERAL:__init__.py:364:main   debug: ['variables', 'general']
GENERAL:__init__.py:364:main   defines: None
GENERAL:__init__.py:362:main   depth: '.'
GENERAL:__init__.py:364:main   formats: ['gypd']
GENERAL:__init__.py:364:main   generator_flags: []
GENERAL:__init__.py:364:main   generator_output: None
GENERAL:__init__.py:364:main   includes: None
GENERAL:__init__.py:364:main   msvs_version: None
GENERAL:__init__.py:362:main   suffix: ''
GENERAL:__init__.py:364:main   toplevel_dir: None
GENERAL:__init__.py:364:main   use_environment: True
GENERAL:__init__.py:418:main cmdline_default_variables: {}
GENERAL:__init__.py:444:main generator_flags: {}
VARIABLES:input.py:562:ExpandVariables Matches: {'content': 'names.txt <@(names', 'is_array': '', 'replace': '<|(names.txt <@(names)', 'type': '<|', 'command_string': None}
VARIABLES:input.py:562:ExpandVariables Matches: {'content': 'names', 'is_array': '', 'replace': '<@(names)', 'type': '<@', 'command_string': None}
VARIABLES:input.py:797:ExpandVariables Found output 'names.txt John Jacob Jingleheimer Schmidt', recursing.
VARIABLES:input.py:797:ExpandVariables Found output 'names.txt', recursing.
VARIABLES:input.py:562:ExpandVariables Matches: {'content': 'names_listfile', 'is_array': '', 'replace': '<(names_listfile)', 'type': '<', 'command_string': None}
VARIABLES:input.py:797:ExpandVariables Found output 'names.txt', recursing.
VARIABLES:input.py:562:ExpandVariables Matches: {'content': 'names_listfile', 'is_array': '', 'replace': '<(names_listfile)', 'type': '<', 'command_string': None}
VARIABLES:input.py:797:ExpandVariables Found output 'names.txt', recursing.
VARIABLES:input.py:562:ExpandVariables Matches: {'content': 'cat <(names_listfile', 'is_array': '', 'replace': '<!@(cat <(names_listfile)', 'type': '<!@', 'command_string': None}
VARIABLES:input.py:562:ExpandVariables Matches: {'content': 'names_listfile', 'is_array': '', 'replace': '<(names_listfile)', 'type': '<', 'command_string': None}
VARIABLES:input.py:797:ExpandVariables Found output 'cat names.txt', recursing.
VARIABLES:input.py:676:ExpandVariables Executing command 'cat names.txt' in directory 'src'
VARIABLES:input.py:797:ExpandVariables Found output ['John', 'Jacob', 'Jingleheimer', 'Schmidt'], recursing.
VARIABLES:input.py:562:ExpandVariables Matches: {'content': 'sources.txt <@(_sources', 'is_array': '', 'replace': '<|(sources.txt <@(_sources)', 'type': '<|', 'command_string': None}
VARIABLES:input.py:562:ExpandVariables Matches: {'content': '_sources', 'is_array': '', 'replace': '<@(_sources)', 'type': '<@', 'command_string': None}
VARIABLES:input.py:797:ExpandVariables Found output 'sources.txt John Jacob Jingleheimer Schmidt', recursing.
VARIABLES:input.py:797:ExpandVariables Found output 'sources.txt', recursing.
VARIABLES:input.py:562:ExpandVariables Matches: {'content': 'sources_listfile', 'is_array': '', 'replace': '<(sources_listfile)', 'type': '<', 'command_string': None}
VARIABLES:input.py:797:ExpandVariables Found output 'sources.txt', recursing.
VARIABLES:input.py:562:ExpandVariables Matches: {'content': 'sources_listfile', 'is_array': '', 'replace': '<(sources_listfile)', 'type': '<', 'command_string': None}
VARIABLES:input.py:797:ExpandVariables Found output 'sources.txt', recursing.
VARIABLES:input.py:562:ExpandVariables Matches: {'content': 'cat <(sources_listfile', 'is_array': '', 'replace': '<!@(cat <(sources_listfile)', 'type': '<!@', 'command_string': None}
VARIABLES:input.py:562:ExpandVariables Matches: {'content': 'sources_listfile', 'is_array': '', 'replace': '<(sources_listfile)', 'type': '<', 'command_string': None}
VARIABLES:input.py:797:ExpandVariables Found output 'cat sources.txt', recursing.
VARIABLES:input.py:676:ExpandVariables Executing command 'cat sources.txt' in directory 'src'
VARIABLES:input.py:797:ExpandVariables Found output ['John', 'Jacob', 'Jingleheimer', 'Schmidt'], recursing.
